<?xml version="1.0" encoding="UTF-8" ?>
<testsuites name="vitest tests" tests="10" failures="0" errors="0" time="0.904855854">
    <testsuite name="tests/smoke.test.ts" timestamp="2026-09-26T11:06:20.535Z" hostname="e2b.local" tests="1" failures="0" errors="0" skipped="0" time="0.838829112">
        <testcase classname="tests/smoke.test.ts" name="server end-to-end (testing mode) &gt; boots and serves the full flow: health → auth → services → proxy" time="0.834719124">
        </testcase>
    </testsuite>
    <testsuite name="tests/unit.test.ts" timestamp="2026-09-26T11:06:20.536Z" hostname="e2b.local" tests="9" failures="0" errors="0" skipped="0" time="0.066026742">
        <testcase classname="tests/unit.test.ts" name="validateInitData &gt; accepts correctly signed fresh initData" time="0.00325658">
        </testcase>
        <testcase classname="tests/unit.test.ts" name="validateInitData &gt; rejects a tampered user payload" time="0.000397061">
        </testcase>
        <testcase classname="tests/unit.test.ts" name="validateInitData &gt; rejects a wrong bot token" time="0.000326">
        </testcase>
        <testcase classname="tests/unit.test.ts" name="validateInitData &gt; rejects stale auth_date" time="0.000301702">
        </testcase>
        <testcase classname="tests/unit.test.ts" name="validateInitData &gt; rejects missing hash" time="0.000145674">
        </testcase>
        <testcase classname="tests/unit.test.ts" name="validateInitData &gt; rejects malformed user json" time="0.000321634">
        </testcase>
        <testcase classname="tests/unit.test.ts" name="probeUpstream &gt; reports online with latency for a listening upstream" time="0.057847127">
        </testcase>
        <testcase classname="tests/unit.test.ts" name="probeUpstream &gt; reports offline when nothing listens" time="0.000887522">
        </testcase>
        <testcase classname="tests/unit.test.ts" name="probeUpstream &gt; caches results within the TTL" time="0.000390218">
        </testcase>
    </testsuite>
</testsuites>
